// Jest Snapshot v1, https://goo.gl/fbAQLP

exports[`SkipToContent renders correctly 1`] = `
<div>
  <a
    class="sr-only focus:not-sr-only focus:absolute focus:z-10"
    href="#content"
  >
    Skip to content
  </a>
</div>
`;
